---
source: tests/requests/home.rs
expression: "(notes.status_code(), notes.text())"
---
(
    200,
    "{\"app_name\":\"loco\"}",
)
